// Jest Snapshot v1, https://goo.gl/fbAQLP

exports[`library checkbox renders correctly 1`] = `"<SwipeableComponent styles={{...}} renderLeftActions={[Function: renderLeftActions]} theme={{...}} />"`;
