// Jest Snapshot v1, https://goo.gl/fbAQLP

exports[`library checkbox renders correctly 1`] = `
"<View style={{...}}>
  <ForwardRef onPress={[Function: onPress]} style={{...}}>
    <withTheme(TextComponent) style={{...}} />
  </ForwardRef>
  <ForwardRef onPress={[Function: onPress]} style={{...}}>
    <withTheme(TextComponent) style={{...}} />
  </ForwardRef>
  <ForwardRef onPress={[Function: onPress]} style={{...}}>
    <withTheme(TextComponent) style={{...}} />
  </ForwardRef>
</View>"
`;
