// Jest Snapshot v1, https://goo.gl/fbAQLP

exports[`wallet actions addWallet actions return correct object 1`] = `
Object {
  "data": "1",
  "type": "SELECT_WALLET",
}
`;

exports[`wallet actions createHDWallet working properly 1`] = `
[MockFunction] {
  "calls": Array [
    Array [
      Object {
        "type": "OPEN_LOADING_MODAL",
      },
    ],
    Array [
      Object {
        "data": Object {
          "accounts": Array [
            Object {
              "address": "zil1kqj0fp7ja409llrjt4q4tja4uvue8vtp65gahs",
              "blockchain": "ZILLIQA",
              "index": 0,
              "publicKey": "0310a8a9ad39c2c9a878bf1a42895ee122806d1f4cf510f604d274b04f5a5854cc",
              "selected": true,
              "tokens": Object {
                "ZIL": Object {
                  "active": true,
                  "decimals": 12,
                  "logo": Object {
                    "uri": "https://raw.githubusercontent.com/atomiclabs/cryptocurrency-icons/master/128/icon/zil.png",
                  },
                  "name": "Zilliqa",
                  "order": 0,
                  "symbol": "ZIL",
                  "type": "NATIVE",
                  "ui": Object {
                    "decimals": 3,
                    "tokenScreenComponent": "DEFAULT",
                  },
                  "units": Object {
                    "LI": "1000000",
                    "QA": "1",
                    "ZIL": "1000000000000",
                  },
                },
              },
            },
            Object {
              "address": "zil1lt5t8hkzgmzfwqp2s234qpr3hn9un9zdck56wm",
              "blockchain": "ZILLIQA",
              "index": 1,
              "publicKey": "0362f31a424e62c75b38534ce16a1b607dd216eae22aa4add9042b16d6750e43e8",
              "selected": false,
              "tokens": Object {
                "ZIL": Object {
                  "active": true,
                  "decimals": 12,
                  "logo": Object {
                    "uri": "https://raw.githubusercontent.com/atomiclabs/cryptocurrency-icons/master/128/icon/zil.png",
                  },
                  "name": "Zilliqa",
                  "order": 0,
                  "symbol": "ZIL",
                  "type": "NATIVE",
                  "ui": Object {
                    "decimals": 3,
                    "tokenScreenComponent": "DEFAULT",
                  },
                  "units": Object {
                    "LI": "1000000",
                    "QA": "1",
                    "ZIL": "1000000000000",
                  },
                },
              },
            },
            Object {
              "address": "zil1sdlr86lc6q53q6yqz03eq8chq08jdfxxva2ja9",
              "blockchain": "ZILLIQA",
              "index": 2,
              "publicKey": "03ac450f102e107fb033dfb925b75b63f6855a7933b9aec26742971bdb64939fb3",
              "selected": false,
              "tokens": Object {
                "ZIL": Object {
                  "active": true,
                  "decimals": 12,
                  "logo": Object {
                    "uri": "https://raw.githubusercontent.com/atomiclabs/cryptocurrency-icons/master/128/icon/zil.png",
                  },
                  "name": "Zilliqa",
                  "order": 0,
                  "symbol": "ZIL",
                  "type": "NATIVE",
                  "ui": Object {
                    "decimals": 3,
                    "tokenScreenComponent": "DEFAULT",
                  },
                  "units": Object {
                    "LI": "1000000",
                    "QA": "1",
                    "ZIL": "1000000000000",
                  },
                },
              },
            },
            Object {
              "address": "zil1pdgzy7mne6qmv6z298u2w4fpd7272yuuh5vctc",
              "blockchain": "ZILLIQA",
              "index": 3,
              "publicKey": "020acf03d556082f341b650ec632592809638a6e2e7886e9d65e4164ed6fa3bb8a",
              "selected": false,
              "tokens": Object {
                "ZIL": Object {
                  "active": true,
                  "decimals": 12,
                  "logo": Object {
                    "uri": "https://raw.githubusercontent.com/atomiclabs/cryptocurrency-icons/master/128/icon/zil.png",
                  },
                  "name": "Zilliqa",
                  "order": 0,
                  "symbol": "ZIL",
                  "type": "NATIVE",
                  "ui": Object {
                    "decimals": 3,
                    "tokenScreenComponent": "DEFAULT",
                  },
                  "units": Object {
                    "LI": "1000000",
                    "QA": "1",
                    "ZIL": "1000000000000",
                  },
                },
              },
            },
            Object {
              "address": "zil1kpqpw78el6zqnmmkvxtcgzh7jyjmktfwtr7nwg",
              "blockchain": "ZILLIQA",
              "index": 4,
              "publicKey": "0375d579fddf8e8088b8d195844b478f8d4b3cb7004b76c5c2de2ed2f47a439de5",
              "selected": false,
              "tokens": Object {
                "ZIL": Object {
                  "active": true,
                  "decimals": 12,
                  "logo": Object {
                    "uri": "https://raw.githubusercontent.com/atomiclabs/cryptocurrency-icons/master/128/icon/zil.png",
                  },
                  "name": "Zilliqa",
                  "order": 0,
                  "symbol": "ZIL",
                  "type": "NATIVE",
                  "ui": Object {
                    "decimals": 3,
                    "tokenScreenComponent": "DEFAULT",
                  },
                  "units": Object {
                    "LI": "1000000",
                    "QA": "1",
                    "ZIL": "1000000000000",
                  },
                },
              },
            },
            Object {
              "address": "0x151250cB2bB034247c8ffBeD91B7Fb1e9f3e9FFE",
              "blockchain": "ETHEREUM",
              "index": 0,
              "publicKey": "22d185a1eda6240e2004a4794e50daff53eb3e5194bf21d4cca3be002688566ee2af4d5724dbe507646649193e5f8368ee63fb257147fbb2bafed87e63717c68",
              "selected": true,
              "tokens": Object {
                "ETH": Object {
                  "active": true,
                  "decimals": 18,
                  "logo": Object {
                    "uri": "https://raw.githubusercontent.com/atomiclabs/cryptocurrency-icons/master/128/icon/eth.png",
                  },
                  "name": "Ethereum",
                  "order": 0,
                  "symbol": "ETH",
                  "type": "NATIVE",
                  "ui": Object {
                    "decimals": 4,
                    "tokenScreenComponent": "DEFAULT",
                  },
                  "units": Object {
                    "ETH": "1000000000000000000",
                    "GWEI": "1000000000",
                    "WEI": "1",
                  },
                },
              },
            },
            Object {
              "address": "0x6D179861ea6C879269Fa65b71119e86b3e075c64",
              "blockchain": "ETHEREUM",
              "index": 1,
              "publicKey": "d95dadc866a4acbbf37fb7347f26ddf59955c0b978f7356861e2e7e7a17eaaa07e632630ee164969b84a196e724acbd0ad9b230276c694c0de2fb9fc05239398",
              "selected": false,
              "tokens": Object {
                "ETH": Object {
                  "active": true,
                  "decimals": 18,
                  "logo": Object {
                    "uri": "https://raw.githubusercontent.com/atomiclabs/cryptocurrency-icons/master/128/icon/eth.png",
                  },
                  "name": "Ethereum",
                  "order": 0,
                  "symbol": "ETH",
                  "type": "NATIVE",
                  "ui": Object {
                    "decimals": 4,
                    "tokenScreenComponent": "DEFAULT",
                  },
                  "units": Object {
                    "ETH": "1000000000000000000",
                    "GWEI": "1000000000",
                    "WEI": "1",
                  },
                },
              },
            },
            Object {
              "address": "0x99B494729398F27acF32a3237eC87c1547ce33f3",
              "blockchain": "ETHEREUM",
              "index": 2,
              "publicKey": "80d9f6726b66996bef42495c8623ea7ef8c9429da5eec12c666998ed2fd9cbde86da22b8252e9b8e3e638bd7405bea4db11d4efc305c616ce7e9cececf2bd03e",
              "selected": false,
              "tokens": Object {
                "ETH": Object {
                  "active": true,
                  "decimals": 18,
                  "logo": Object {
                    "uri": "https://raw.githubusercontent.com/atomiclabs/cryptocurrency-icons/master/128/icon/eth.png",
                  },
                  "name": "Ethereum",
                  "order": 0,
                  "symbol": "ETH",
                  "type": "NATIVE",
                  "ui": Object {
                    "decimals": 4,
                    "tokenScreenComponent": "DEFAULT",
                  },
                  "units": Object {
                    "ETH": "1000000000000000000",
                    "GWEI": "1000000000",
                    "WEI": "1",
                  },
                },
              },
            },
            Object {
              "address": "0x0dCdBDd1aeb52d6Dc1079e8D31F24F8c9109829C",
              "blockchain": "ETHEREUM",
              "index": 3,
              "publicKey": "4707217d4ecd5bf90bd9762b3997e014155abe724967ca5162d9ed6e37b4bfa583f576f4ff371014cf64ede7993b3bc0deed630fe12d245be3f4255cb4f671ed",
              "selected": false,
              "tokens": Object {
                "ETH": Object {
                  "active": true,
                  "decimals": 18,
                  "logo": Object {
                    "uri": "https://raw.githubusercontent.com/atomiclabs/cryptocurrency-icons/master/128/icon/eth.png",
                  },
                  "name": "Ethereum",
                  "order": 0,
                  "symbol": "ETH",
                  "type": "NATIVE",
                  "ui": Object {
                    "decimals": 4,
                    "tokenScreenComponent": "DEFAULT",
                  },
                  "units": Object {
                    "ETH": "1000000000000000000",
                    "GWEI": "1000000000",
                    "WEI": "1",
                  },
                },
              },
            },
            Object {
              "address": "0x7bEE31e0Da267B1874ADAD851c6b925A11104cAA",
              "blockchain": "ETHEREUM",
              "index": 4,
              "publicKey": "4a8ec646a13b1b2d7a49e6f578191a81da860c8461077110b3bd05fb10025ac9caecbbbeb96819ee4114cc1aca3ab633b9fd15e21d256f8fa0f0f05f4bc2f802",
              "selected": false,
              "tokens": Object {
                "ETH": Object {
                  "active": true,
                  "decimals": 18,
                  "logo": Object {
                    "uri": "https://raw.githubusercontent.com/atomiclabs/cryptocurrency-icons/master/128/icon/eth.png",
                  },
                  "name": "Ethereum",
                  "order": 0,
                  "symbol": "ETH",
                  "type": "NATIVE",
                  "ui": Object {
                    "decimals": 4,
                    "tokenScreenComponent": "DEFAULT",
                  },
                  "units": Object {
                    "ETH": "1000000000000000000",
                    "GWEI": "1000000000",
                    "WEI": "1",
                  },
                },
              },
            },
            Object {
              "address": "cosmos1mrf865hmk3prnkhtpqt8zdwu7kpmpd6l30ws3q",
              "blockchain": "COSMOS",
              "index": 0,
              "publicKey": "02d7144d5afafde20f868a669d74920bac76c7de2750352c2b0ef8162fe8476c1d",
              "selected": false,
              "tokens": Object {
                "ATOM": Object {
                  "active": true,
                  "decimals": 6,
                  "logo": Object {
                    "uri": "https://raw.githubusercontent.com/atomiclabs/cryptocurrency-icons/master/128/icon/atom.png",
                  },
                  "name": "Atom",
                  "order": 0,
                  "symbol": "ATOM",
                  "symbolMap": Object {
                    "gaia-13007": "umuon",
                  },
                  "type": "NATIVE",
                  "ui": Object {
                    "decimals": 3,
                    "tokenScreenComponent": "DELEGATE",
                  },
                  "units": Object {
                    "ATOM": "1000000",
                    "UATOM": "1",
                  },
                },
              },
            },
            Object {
              "address": "cosmos1fptf3l633k4kplhslqd7fksfke5kz2saxzupl8",
              "blockchain": "COSMOS",
              "index": 1,
              "publicKey": "03c47735b7c423d6ad9c9be4592f2879c6c30a7357186a0d7e71735abf3bbf09f8",
              "selected": false,
              "tokens": Object {
                "ATOM": Object {
                  "active": true,
                  "decimals": 6,
                  "logo": Object {
                    "uri": "https://raw.githubusercontent.com/atomiclabs/cryptocurrency-icons/master/128/icon/atom.png",
                  },
                  "name": "Atom",
                  "order": 0,
                  "symbol": "ATOM",
                  "symbolMap": Object {
                    "gaia-13007": "umuon",
                  },
                  "type": "NATIVE",
                  "ui": Object {
                    "decimals": 3,
                    "tokenScreenComponent": "DELEGATE",
                  },
                  "units": Object {
                    "ATOM": "1000000",
                    "UATOM": "1",
                  },
                },
              },
            },
            Object {
              "address": "cosmos1t257fk07eevpr0kr8rld8dyp0a2e9hmh9tqaad",
              "blockchain": "COSMOS",
              "index": 2,
              "publicKey": "03b8edd9cbacc9092a51283d8ff629fd7732bd8a3e3a808c7c35628c667896154e",
              "selected": false,
              "tokens": Object {
                "ATOM": Object {
                  "active": true,
                  "decimals": 6,
                  "logo": Object {
                    "uri": "https://raw.githubusercontent.com/atomiclabs/cryptocurrency-icons/master/128/icon/atom.png",
                  },
                  "name": "Atom",
                  "order": 0,
                  "symbol": "ATOM",
                  "symbolMap": Object {
                    "gaia-13007": "umuon",
                  },
                  "type": "NATIVE",
                  "ui": Object {
                    "decimals": 3,
                    "tokenScreenComponent": "DELEGATE",
                  },
                  "units": Object {
                    "ATOM": "1000000",
                    "UATOM": "1",
                  },
                },
              },
            },
            Object {
              "address": "cosmos14rnhtdvxgccrm54h84t7hk6md0pkk2f7mmlpw3",
              "blockchain": "COSMOS",
              "index": 3,
              "publicKey": "03c059770e2666cee4198ab56328e04db9e0299d2468cd68924b317b91dfe269df",
              "selected": false,
              "tokens": Object {
                "ATOM": Object {
                  "active": true,
                  "decimals": 6,
                  "logo": Object {
                    "uri": "https://raw.githubusercontent.com/atomiclabs/cryptocurrency-icons/master/128/icon/atom.png",
                  },
                  "name": "Atom",
                  "order": 0,
                  "symbol": "ATOM",
                  "symbolMap": Object {
                    "gaia-13007": "umuon",
                  },
                  "type": "NATIVE",
                  "ui": Object {
                    "decimals": 3,
                    "tokenScreenComponent": "DELEGATE",
                  },
                  "units": Object {
                    "ATOM": "1000000",
                    "UATOM": "1",
                  },
                },
              },
            },
            Object {
              "address": "cosmos158rxkf0wlhjfwutk63zlc68v57hzst2n4z7pe6",
              "blockchain": "COSMOS",
              "index": 4,
              "publicKey": "0245ab42ba4fdfc9d5102b94a84ad78c1480f0d1fb0561d41809c1890d48ebbda5",
              "selected": false,
              "tokens": Object {
                "ATOM": Object {
                  "active": true,
                  "decimals": 6,
                  "logo": Object {
                    "uri": "https://raw.githubusercontent.com/atomiclabs/cryptocurrency-icons/master/128/icon/atom.png",
                  },
                  "name": "Atom",
                  "order": 0,
                  "symbol": "ATOM",
                  "symbolMap": Object {
                    "gaia-13007": "umuon",
                  },
                  "type": "NATIVE",
                  "ui": Object {
                    "decimals": 3,
                    "tokenScreenComponent": "DELEGATE",
                  },
                  "units": Object {
                    "ATOM": "1000000",
                    "UATOM": "1",
                  },
                },
              },
            },
          ],
          "id": "uuid",
          "name": "Wallet 1",
          "selected": false,
          "selectedBlockchain": "ZILLIQA",
          "type": "HD",
        },
        "type": "WALLET_ADD",
      },
    ],
    Array [
      Object {
        "data": "uuid",
        "type": "SELECT_WALLET",
      },
    ],
    Array [
      Object {
        "type": "CLOSE_LOADING_MODAL",
      },
    ],
  ],
  "results": Array [
    Object {
      "type": "return",
      "value": undefined,
    },
    Object {
      "type": "return",
      "value": undefined,
    },
    Object {
      "type": "return",
      "value": undefined,
    },
    Object {
      "type": "return",
      "value": undefined,
    },
  ],
}
`;
