// Jest Snapshot v1, https://goo.gl/fbAQLP

exports[`wallets reducer should set initial state 1`] = `Object {}`;
