// Jest Snapshot v1, https://goo.gl/fbAQLP

exports[`coin dashboard component renders correctly 1`] = `
"<View style={{...}}>
  <View style={{...}} />
</View>"
`;
