// Jest Snapshot v1, https://goo.gl/fbAQLP

exports[`Accounts screen renders correctly 1`] = `"<View style={{...}} />"`;
