// Jest Snapshot v1, https://goo.gl/fbAQLP

exports[`Zilliqa account getAccountFromPrivateKey() 1`] = `
Object {
  "address": "BECH32_ADDRESS",
  "blockchain": "ZILLIQA",
  "index": 1,
  "publicKey": "PUBLIC_KEY",
  "selected": false,
  "tokens": Object {
    "ZIL": Object {
      "active": true,
      "decimals": 12,
      "logo": Object {
        "uri": "https://raw.githubusercontent.com/atomiclabs/cryptocurrency-icons/master/128/icon/zil.png",
      },
      "name": "Zilliqa",
      "order": 0,
      "symbol": "ZIL",
      "type": "NATIVE",
      "ui": Object {
        "decimals": 3,
        "tokenScreenComponent": "DEFAULT",
      },
      "units": Object {
        "LI": "1000000",
        "QA": "1",
        "ZIL": "1000000000000",
      },
    },
  },
}
`;
