// Jest Snapshot v1, https://goo.gl/fbAQLP

exports[`should set the config 1`] = `
Object {
  "blacklist": Array [
    "ui",
  ],
  "key": "root",
  "migrate": [Function],
  "storage": undefined,
  "version": 2,
}
`;
