// Jest Snapshot v1, https://goo.gl/fbAQLP

exports[`should set the config 1`] = `
Object {
  "blacklist": Array [
    "screens",
  ],
  "key": "extensionStorage",
  "storage": Object {
    "getItem": [Function],
    "removeItem": [Function],
    "setItem": [Function],
  },
}
`;
