// Jest Snapshot v1, https://goo.gl/fbAQLP

exports[`Ethereum account getAccountFromPrivateKey() 1`] = `
Object {
  "address": "ADDRESS",
  "blockchain": "ETHEREUM",
  "index": 1,
  "publicKey": "PUBLIC_KEY",
  "selected": false,
  "tokens": Object {
    "ETH": Object {
      "active": true,
      "decimals": 18,
      "logo": Object {
        "uri": "https://raw.githubusercontent.com/atomiclabs/cryptocurrency-icons/master/128/icon/eth.png",
      },
      "name": "Ethereum",
      "order": 0,
      "symbol": "ETH",
      "type": "NATIVE",
      "ui": Object {
        "decimals": 4,
        "tokenScreenComponent": "DEFAULT",
      },
      "units": Object {
        "ETH": "1000000000000000000",
        "GWEI": "1000000000",
        "WEI": "1",
      },
    },
  },
}
`;
