// Jest Snapshot v1, https://goo.gl/fbAQLP

exports[`terms and conditions screen component renders correctly 1`] = `
"<View style={{...}}>
  <Image style={{...}} source={{...}} />
  <withTheme(TextComponent) style={{...}}>
    Launching soon!
  </withTheme(TextComponent)>
</View>"
`;
