// Jest Snapshot v1, https://goo.gl/fbAQLP

exports[`creat wallet terms screen component renders correctly 1`] = `
"<View style={{...}}>
  <View style={{...}}>
    <View style={{...}}>
      <Image style={{...}} source={{...}} />
    </View>
    <View style={{...}}>
      <withTheme(TextComponent) large={true} style={{...}}>
        Welcome to Moonlet!
      </withTheme(TextComponent)>
      <withTheme(TextComponent) style={{...}} darker={true}>
        Weâ€™ll generate this section once you create, recover or connect a wallet
      </withTheme(TextComponent)>
    </View>
  </View>
  <View style={{...}}>
    <View style={{...}}>
      <withTheme(ButtonComponent) style={{...}} onPress={[Function: onPress]} testID=\\"button-recover\\">
        Recover
      </withTheme(ButtonComponent)>
      <withTheme(ButtonComponent) style={{...}} onPress={[Function: onPress]}>
        Connect
      </withTheme(ButtonComponent)>
    </View>
    <View style={{...}}>
      <withTheme(ButtonComponent) testID=\\"button-create\\" style={{...}} primary={true} onPress={[Function: onPress]}>
        Create
      </withTheme(ButtonComponent)>
    </View>
    <View style={{...}}>
      <withTheme(ButtonComponent) testID=\\"button-generate\\" style={{...}} primary={true} onPress={[Function: onPress]}>
        Generate wallet
      </withTheme(ButtonComponent)>
    </View>
  </View>
</View>"
`;
