// Jest Snapshot v1, https://goo.gl/fbAQLP

exports[`privacy policy screen component renders correctly 1`] = `
"<View style={{...}}>
  <withTheme(TextComponent)>
    Privacy policy scroll
  </withTheme(TextComponent)>
</View>"
`;
